// Jest Snapshot v1, https://goo.gl/fbAQLP

exports[`Textbox should render 1`] = `
<View
  style={
    Object {
      "alignItems": "center",
      "backgroundColor": "#fff",
      "borderColor": "#000",
      "borderRadius": 5,
      "borderWidth": 0.5,
      "flexDirection": "row",
      "height": 40,
      "justifyContent": "center",
      "margin": 10,
    }
  }
>
  <Text />
  <input
    maxLength={1000}
    minLength={1}
    name="myPasswordBox"
    onChange={[Function]}
    required={true}
    style={
      Object {
        "borderStyle": "none",
        "display": "block",
        "outline": "none",
      }
    }
    type="password"
    value=""
  />
  <input
    maxLength={1000}
    minLength={1}
    name="myPasswordBox"
    onChange={[Function]}
    required={true}
    style={
      Object {
        "borderStyle": "none",
        "display": "none",
        "outline": "none",
      }
    }
    type="text"
    value=""
  />
  <Text />
</View>
`;
